
======================================================================
[EMAIL LOG] 2026-06-24T06:48:52.285Z
TO: testuser@gmail.com
SUBJECT: [Video Studio Tools] Mã bản quyền kích hoạt dịch vụ của bạn
----------------------------------------------------------------------
Chào bạn Nguyen Van Test,
      Cảm ơn bạn đã đăng ký mua gói dịch vụ Gói Tháng (30 ngày) của Video Studio Tools!
      Yêu cầu mua gói của bạn đang ở trạng thái Chờ thanh toán (Pending).
      
      Thông tin chuyển khoản thanh toán:
      
        Số tiền cần chuyển: 199.000đ
        Nội dung chuyển khoản (Bắt buộc đúng): VST 54E1C1E6
      
      * Hệ thống sử dụng nội dung chuyển khoản trên để đối soát và tự động duyệt kích hoạt key bản quyền của bạn.
      Mã bản quyền chờ kích hoạt của bạn (chưa hoạt động): STUDIO-54E1C1E6-7FE1171D-4BFE3FF5
======================================================================

======================================================================
[EMAIL LOG] 2026-06-24T06:49:11.738Z
TO: testuser@gmail.com
SUBJECT: [Video Studio Tools] Mã bản quyền kích hoạt dịch vụ của bạn
----------------------------------------------------------------------
Chào bạn Nguyen Van Test,
      Mã bản quyền cho gói dịch vụ Gói Tháng (30 ngày) của bạn đã được kích hoạt thành công!
      
      
        🔑 Mã bản quyền (License Key):
        STUDIO-54E1C1E6-7FE1171D-4BFE3FF5
        📅 Hạn sử dụng: 13:48 24/07/2026
      
      Hướng dẫn sử dụng:
      
        Tải và cài đặt phần mềm Video Studio Tools.
        Đăng nhập tài khoản và nhập mã key trên để kích hoạt phần mềm.
      
      Chúc bạn có những video tuyệt vời cùng Video Studio Tools!
======================================================================

======================================================================
[EMAIL LOG] 2026-06-24T07:03:07.273Z
TO: doanhoang1910@gmail.com
SUBJECT: [Video Studio Tools] Kích hoạt tài khoản của bạn
----------------------------------------------------------------------
Chào bạn Hoàng đoàn,
    Cảm ơn bạn đã đăng ký tài khoản tại Video Studio Tools!
    Vui lòng nhấp vào liên kết dưới đây để kích hoạt tài khoản của bạn và đăng nhập sử dụng hệ thống:
    
      Kích hoạt tài khoản
    
    * Đường liên kết này sẽ hết hạn sau 24 giờ kể từ thời điểm đăng ký.
    Nếu nút trên không hoạt động, bạn có thể copy link sau dán vào trình duyệt:  http://localhost:4000/verify-email.html?token=34af5df7f2c4883dae50370f115cf3f5164b11fa988bac7da2052f1181074d62
======================================================================

======================================================================
[EMAIL LOG] 2026-06-24T07:04:07.832Z
TO: doanhoang1910@gmail.com
SUBJECT: [Video Studio Tools] Kích hoạt tài khoản của bạn
----------------------------------------------------------------------
Chào bạn Hoàng đoàn,
    Cảm ơn bạn đã đăng ký tài khoản tại Video Studio Tools!
    Vui lòng nhấp vào liên kết dưới đây để kích hoạt tài khoản của bạn và đăng nhập sử dụng hệ thống:
    
      Kích hoạt tài khoản
    
    * Đường liên kết này sẽ hết hạn sau 24 giờ kể từ thời điểm đăng ký.
    Nếu nút trên không hoạt động, bạn có thể copy link sau dán vào trình duyệt:  http://localhost:4000/verify-email.html?token=07d68068d2fdf30239411c3dd07fea88a666b1be0dbb506e9b747b664f9ebfd6
======================================================================

======================================================================
[EMAIL LOG] 2026-06-24T07:05:01.695Z
TO: doanhoang190@gmail.com
SUBJECT: [Video Studio Tools] Kích hoạt tài khoản của bạn
----------------------------------------------------------------------
Chào bạn Hoàng đoàn,
    Cảm ơn bạn đã đăng ký tài khoản tại Video Studio Tools!
    Vui lòng nhấp vào liên kết dưới đây để kích hoạt tài khoản của bạn và đăng nhập sử dụng hệ thống:
    
      Kích hoạt tài khoản
    
    * Đường liên kết này sẽ hết hạn sau 24 giờ kể từ thời điểm đăng ký.
    Nếu nút trên không hoạt động, bạn có thể copy link sau dán vào trình duyệt:  http://localhost:4000/verify-email.html?token=8f58548e7c2cc063b73a9c1fd98d826abd9f792eaef7606b0cd2aecfd9cc25b5
======================================================================

======================================================================
[EMAIL LOG] 2026-06-24T07:11:36.493Z
TO: doanhoang1024@gmail.com
SUBJECT: [Video Studio Tools] Kích hoạt tài khoản của bạn
----------------------------------------------------------------------
Chào bạn Hoàng đoàn,
    Cảm ơn bạn đã đăng ký tài khoản tại Video Studio Tools!
    Vui lòng nhấp vào liên kết dưới đây để kích hoạt tài khoản của bạn và đăng nhập sử dụng hệ thống:
    
      Kích hoạt tài khoản
    
    * Đường liên kết này sẽ hết hạn sau 24 giờ kể từ thời điểm đăng ký.
    Nếu nút trên không hoạt động, bạn có thể copy link sau dán vào trình duyệt:  http://localhost:4000/verify-email.html?token=8034bb327c3b00438ef3a1bc22e53e9998ee37a646652893bd8181071f73226c
======================================================================
